432 INFO: PyInstaller: 6.19.0, contrib hooks: 2026.4
432 INFO: Python: 3.11.9
476 INFO: Platform: Windows-10-10.0.26200-SP0
476 INFO: Python environment: C:\Users\I763940\AppData\Local\Programs\Python\Python311
490 INFO: Module search paths (PYTHONPATH):
['C:\\Users\\I763940\\icbv-fragment-reconstruction',
 'C:\\Users\\I763940\\AppData\\Local\\Programs\\Python\\Python311\\python311.zip',
 'C:\\Users\\I763940\\AppData\\Local\\Programs\\Python\\Python311\\DLLs',
 'C:\\Users\\I763940\\AppData\\Local\\Programs\\Python\\Python311\\Lib',
 'C:\\Users\\I763940\\AppData\\Local\\Programs\\Python\\Python311',
 'C:\\Users\\I763940\\AppData\\Local\\Programs\\Python\\Python311\\Lib\\site-packages',
 'C:\\Users\\I763940\\icbv-fragment-reconstruction']
1761 INFO: Appending 'datas' from .spec
1765 INFO: checking Analysis
1766 INFO: Building Analysis because Analysis-00.toc is non existent
1766 INFO: Looking for Python shared library...
1766 INFO: Using Python shared library: C:\Users\I763940\AppData\Local\Programs\Python\Python311\python311.dll
1766 INFO: Running Analysis Analysis-00.toc
1766 INFO: Target bytecode optimization level: 0
1766 INFO: Initializing module dependency graph...
1770 INFO: Initializing module graph hook caches...
1824 INFO: Analyzing modules for base_library.zip ...
5460 INFO: Processing standard module hook 'hook-encodings.py' from 'C:\\Users\\I763940\\AppData\\Local\\Programs\\Python\\Python311\\Lib\\site-packages\\PyInstaller\\hooks'
6978 INFO: Processing standard module hook 'hook-heapq.py' from 'C:\\Users\\I763940\\AppData\\Local\\Programs\\Python\\Python311\\Lib\\site-packages\\PyInstaller\\hooks'
7828 INFO: Processing standard module hook 'hook-pickle.py' from 'C:\\Users\\I763940\\AppData\\Local\\Programs\\Python\\Python311\\Lib\\site-packages\\PyInstaller\\hooks'
12726 INFO: Caching module dependency graph...
12824 INFO: Analyzing C:\Users\I763940\icbv-fragment-reconstruction\launch_gui.py
12835 INFO: Analyzing hidden import 'tkinter'
12835 INFO: Processing pre-find-module-path hook 'hook-tkinter.py' from 'C:\\Users\\I763940\\AppData\\Local\\Programs\\Python\\Python311\\Lib\\site-packages\\PyInstaller\\hooks\\pre_find_module_path'
12839 INFO: TclTkInfo: initializing cached Tcl/Tk info...
13571 INFO: Processing standard module hook 'hook-_tkinter.py' from 'C:\\Users\\I763940\\AppData\\Local\\Programs\\Python\\Python311\\Lib\\site-packages\\PyInstaller\\hooks'
13582 INFO: Analyzing hidden import 'tkinter.ttk'
13643 INFO: Analyzing hidden import 'tkinter.filedialog'
13708 INFO: Analyzing hidden import 'tkinter.scrolledtext'
13714 INFO: Analyzing hidden import 'PIL._tkinter_finder'
13718 INFO: Processing standard module hook 'hook-PIL.py' from 'C:\\Users\\I763940\\AppData\\Local\\Programs\\Python\\Python311\\Lib\\site-packages\\PyInstaller\\hooks'
13730 INFO: Analyzing hidden import 'numpy'
13756 INFO: Processing standard module hook 'hook-numpy.py' from 'C:\\Users\\I763940\\AppData\\Local\\Programs\\Python\\Python311\\Lib\\site-packages\\PyInstaller\\hooks'
14413 INFO: Processing standard module hook 'hook-platform.py' from 'C:\\Users\\I763940\\AppData\\Local\\Programs\\Python\\Python311\\Lib\\site-packages\\PyInstaller\\hooks'
14688 INFO: Processing standard module hook 'hook-sysconfig.py' from 'C:\\Users\\I763940\\AppData\\Local\\Programs\\Python\\Python311\\Lib\\site-packages\\PyInstaller\\hooks'
16776 INFO: Processing standard module hook 'hook-multiprocessing.util.py' from 'C:\\Users\\I763940\\AppData\\Local\\Programs\\Python\\Python311\\Lib\\site-packages\\PyInstaller\\hooks'
16949 INFO: Processing standard module hook 'hook-xml.py' from 'C:\\Users\\I763940\\AppData\\Local\\Programs\\Python\\Python311\\Lib\\site-packages\\PyInstaller\\hooks'
17449 INFO: Processing standard module hook 'hook-_ctypes.py' from 'C:\\Users\\I763940\\AppData\\Local\\Programs\\Python\\Python311\\Lib\\site-packages\\PyInstaller\\hooks'
18035 INFO: Processing standard module hook 'hook-difflib.py' from 'C:\\Users\\I763940\\AppData\\Local\\Programs\\Python\\Python311\\Lib\\site-packages\\PyInstaller\\hooks'
20223 INFO: Processing pre-safe-import-module hook 'hook-typing_extensions.py' from 'C:\\Users\\I763940\\AppData\\Local\\Programs\\Python\\Python311\\Lib\\site-packages\\PyInstaller\\hooks\\pre_safe_import_module'
20230 INFO: SetuptoolsInfo: initializing cached setuptools info...
23587 INFO: Processing standard module hook 'hook-charset_normalizer.py' from 'C:\\Users\\I763940\\AppData\\Local\\Programs\\Python\\Python311\\Lib\\site-packages\\_pyinstaller_hooks_contrib\\stdhooks'
24280 INFO: Analyzing hidden import 'cv2'
24293 INFO: Processing standard module hook 'hook-cv2.py' from 'C:\\Users\\I763940\\AppData\\Local\\Programs\\Python\\Python311\\Lib\\site-packages\\_pyinstaller_hooks_contrib\\stdhooks'
25564 INFO: Analyzing hidden import 'PIL.Image'
25729 INFO: Processing standard module hook 'hook-PIL.Image.py' from 'C:\\Users\\I763940\\AppData\\Local\\Programs\\Python\\Python311\\Lib\\site-packages\\PyInstaller\\hooks'
26761 INFO: Processing standard module hook 'hook-xml.etree.cElementTree.py' from 'C:\\Users\\I763940\\AppData\\Local\\Programs\\Python\\Python311\\Lib\\site-packages\\PyInstaller\\hooks'
26913 INFO: Processing standard module hook 'hook-xml.dom.domreg.py' from 'C:\\Users\\I763940\\AppData\\Local\\Programs\\Python\\Python311\\Lib\\site-packages\\PyInstaller\\hooks'
27691 INFO: Processing standard module hook 'hook-PIL.ImageFilter.py' from 'C:\\Users\\I763940\\AppData\\Local\\Programs\\Python\\Python311\\Lib\\site-packages\\PyInstaller\\hooks'
28145 INFO: Analyzing hidden import 'PIL.ImageTk'
28159 INFO: Analyzing hidden import 'matplotlib'
28208 INFO: Processing standard module hook 'hook-matplotlib.py' from 'C:\\Users\\I763940\\AppData\\Local\\Programs\\Python\\Python311\\Lib\\site-packages\\PyInstaller\\hooks'
29252 INFO: Processing pre-safe-import-module hook 'hook-packaging.py' from 'C:\\Users\\I763940\\AppData\\Local\\Programs\\Python\\Python311\\Lib\\site-packages\\PyInstaller\\hooks\\pre_safe_import_module'
29433 INFO: Processing pre-safe-import-module hook 'hook-gi.py' from 'C:\\Users\\I763940\\AppData\\Local\\Programs\\Python\\Python311\\Lib\\site-packages\\PyInstaller\\hooks\\pre_safe_import_module'
29904 INFO: Processing standard module hook 'hook-matplotlib.backend_bases.py' from 'C:\\Users\\I763940\\AppData\\Local\\Programs\\Python\\Python311\\Lib\\site-packages\\PyInstaller\\hooks'
31450 INFO: Processing standard module hook 'hook-matplotlib.backends.py' from 'C:\\Users\\I763940\\AppData\\Local\\Programs\\Python\\Python311\\Lib\\site-packages\\PyInstaller\\hooks'
31694 INFO: Processing standard module hook 'hook-matplotlib.pyplot.py' from 'C:\\Users\\I763940\\AppData\\Local\\Programs\\Python\\Python311\\Lib\\site-packages\\PyInstaller\\hooks'
35392 INFO: Processing standard module hook 'hook-dateutil.py' from 'C:\\Users\\I763940\\AppData\\Local\\Programs\\Python\\Python311\\Lib\\site-packages\\_pyinstaller_hooks_contrib\\stdhooks'
35606 INFO: Processing pre-safe-import-module hook 'hook-six.moves.py' from 'C:\\Users\\I763940\\AppData\\Local\\Programs\\Python\\Python311\\Lib\\site-packages\\PyInstaller\\hooks\\pre_safe_import_module'
39235 INFO: Processing standard module hook 'hook-certifi.py' from 'C:\\Users\\I763940\\AppData\\Local\\Programs\\Python\\Python311\\Lib\\site-packages\\_pyinstaller_hooks_contrib\\stdhooks'
39255 INFO: Analyzing hidden import 'matplotlib.backends.backend_tkagg'
39348 INFO: Analyzing hidden import 'scipy'
39354 INFO: Processing standard module hook 'hook-scipy.py' from 'C:\\Users\\I763940\\AppData\\Local\\Programs\\Python\\Python311\\Lib\\site-packages\\PyInstaller\\hooks'
41592 INFO: Analyzing hidden import 'scipy.ndimage'
42401 INFO: Processing standard module hook 'hook-scipy.special._ufuncs.py' from 'C:\\Users\\I763940\\AppData\\Local\\Programs\\Python\\Python311\\Lib\\site-packages\\PyInstaller\\hooks'
42618 INFO: Processing standard module hook 'hook-scipy.linalg.py' from 'C:\\Users\\I763940\\AppData\\Local\\Programs\\Python\\Python311\\Lib\\site-packages\\PyInstaller\\hooks'
46745 INFO: Processing standard module hook 'hook-scipy.spatial._ckdtree.py' from 'C:\\Users\\I763940\\AppData\\Local\\Programs\\Python\\Python311\\Lib\\site-packages\\PyInstaller\\hooks'
47575 INFO: Processing standard module hook 'hook-scipy.spatial.transform.rotation.py' from 'C:\\Users\\I763940\\AppData\\Local\\Programs\\Python\\Python311\\Lib\\site-packages\\PyInstaller\\hooks'
49605 INFO: Processing standard module hook 'hook-scipy.stats._stats.py' from 'C:\\Users\\I763940\\AppData\\Local\\Programs\\Python\\Python311\\Lib\\site-packages\\PyInstaller\\hooks'
50695 INFO: Processing standard module hook 'hook-scipy.sparse.csgraph.py' from 'C:\\Users\\I763940\\AppData\\Local\\Programs\\Python\\Python311\\Lib\\site-packages\\PyInstaller\\hooks'
52550 INFO: Processing standard module hook 'hook-scipy.special._ellip_harm_2.py' from 'C:\\Users\\I763940\\AppData\\Local\\Programs\\Python\\Python311\\Lib\\site-packages\\PyInstaller\\hooks'
52618 INFO: Analyzing hidden import 'scipy.signal'
53733 INFO: Processing module hooks (post-graph stage)...
53807 INFO: Processing standard module hook 'hook-matplotlib.backends.py' from 'C:\\Users\\I763940\\AppData\\Local\\Programs\\Python\\Python311\\Lib\\site-packages\\PyInstaller\\hooks'
53809 INFO: Matplotlib backend selection method: automatic discovery of used backends
55066 INFO: Trying determine the default backend as first importable candidate from the list: ['QtAgg', 'Qt5Agg', 'Gtk4Agg', 'Gtk3Agg', 'TkAgg', 'WxAgg']
61143 INFO: Selected matplotlib backends: ['TkAgg']
61739 INFO: Processing standard module hook 'hook-PIL.SpiderImagePlugin.py' from 'C:\\Users\\I763940\\AppData\\Local\\Programs\\Python\\Python311\\Lib\\site-packages\\PyInstaller\\hooks'
61938 WARNING: Hidden import "scipy.special._cdflib" not found!
61941 INFO: Processing standard module hook 'hook-_tkinter.py' from 'C:\\Users\\I763940\\AppData\\Local\\Programs\\Python\\Python311\\Lib\\site-packages\\PyInstaller\\hooks'
61983 INFO: Performing binary vs. data reclassification (1145 entries)
62921 INFO: Looking for ctypes DLLs
63382 INFO: Analyzing run-time hooks ...
63392 INFO: Including run-time hook 'pyi_rth_inspect.py' from 'C:\\Users\\I763940\\AppData\\Local\\Programs\\Python\\Python311\\Lib\\site-packages\\PyInstaller\\hooks\\rthooks'
63399 INFO: Including run-time hook 'pyi_rth_pkgutil.py' from 'C:\\Users\\I763940\\AppData\\Local\\Programs\\Python\\Python311\\Lib\\site-packages\\PyInstaller\\hooks\\rthooks'
63405 INFO: Including run-time hook 'pyi_rth_multiprocessing.py' from 'C:\\Users\\I763940\\AppData\\Local\\Programs\\Python\\Python311\\Lib\\site-packages\\PyInstaller\\hooks\\rthooks'
63409 INFO: Including run-time hook 'pyi_rth_mplconfig.py' from 'C:\\Users\\I763940\\AppData\\Local\\Programs\\Python\\Python311\\Lib\\site-packages\\PyInstaller\\hooks\\rthooks'
63413 INFO: Processing pre-find-module-path hook 'hook-_pyi_rth_utils.py' from 'C:\\Users\\I763940\\AppData\\Local\\Programs\\Python\\Python311\\Lib\\site-packages\\PyInstaller\\hooks\\pre_find_module_path'
63417 INFO: Processing standard module hook 'hook-_pyi_rth_utils.py' from 'C:\\Users\\I763940\\AppData\\Local\\Programs\\Python\\Python311\\Lib\\site-packages\\PyInstaller\\hooks'
63488 INFO: Including run-time hook 'pyi_rth__tkinter.py' from 'C:\\Users\\I763940\\AppData\\Local\\Programs\\Python\\Python311\\Lib\\site-packages\\PyInstaller\\hooks\\rthooks'
63583 INFO: Creating base_library.zip...
63630 INFO: Looking for dynamic libraries
68416 INFO: Extra DLL search directories (AddDllDirectory): ['C:\\Users\\I763940\\AppData\\Local\\Programs\\Python\\Python311\\Lib\\site-packages\\scipy.libs', 'C:\\Users\\I763940\\AppData\\Local\\Programs\\Python\\Python311\\Lib\\site-packages\\numpy.libs', 'C:\\Users\\I763940\\AppData\\Local\\Programs\\Python\\Python311\\Lib\\site-packages\\cv2\\../../x64/vc17/bin']
68416 INFO: Extra DLL search directories (PATH): ['C:\\Users\\I763940\\AppData\\Local\\Programs\\Python\\Python311\\Lib\\site-packages\\cv2\\../../x64/vc17/bin']
74378 INFO: Warnings written to C:\Users\I763940\icbv-fragment-reconstruction\build\fragment_reconstruction\warn-fragment_reconstruction.txt
74656 INFO: Graph cross-reference written to C:\Users\I763940\icbv-fragment-reconstruction\build\fragment_reconstruction\xref-fragment_reconstruction.html
74793 INFO: checking PYZ
74794 INFO: Building PYZ because PYZ-00.toc is non existent
74794 INFO: Building PYZ (ZlibArchive) C:\Users\I763940\icbv-fragment-reconstruction\build\fragment_reconstruction\PYZ-00.pyz
77292 INFO: Building PYZ (ZlibArchive) C:\Users\I763940\icbv-fragment-reconstruction\build\fragment_reconstruction\PYZ-00.pyz completed successfully.
77344 INFO: checking PKG
77344 INFO: Building PKG because PKG-00.toc is non existent
77344 INFO: Building PKG (CArchive) FragmentReconstruction.pkg
77431 INFO: Building PKG (CArchive) FragmentReconstruction.pkg completed successfully.
77435 INFO: Bootloader C:\Users\I763940\AppData\Local\Programs\Python\Python311\Lib\site-packages\PyInstaller\bootloader\Windows-64bit-intel\runw.exe
77435 INFO: checking EXE
77435 INFO: Building EXE because EXE-00.toc is non existent
77435 INFO: Building EXE from EXE-00.toc
77436 INFO: Copying bootloader EXE to C:\Users\I763940\icbv-fragment-reconstruction\build\fragment_reconstruction\FragmentReconstruction.exe
77454 INFO: Copying icon to EXE
77616 INFO: Copying 0 resources to EXE
77616 INFO: Embedding manifest in EXE
77732 INFO: Appending PKG archive to EXE
77928 INFO: Fixing EXE headers
80003 INFO: Building EXE from EXE-00.toc completed successfully.
80030 INFO: checking COLLECT
80031 INFO: Building COLLECT because COLLECT-00.toc is non existent
80032 INFO: Building COLLECT COLLECT-00.toc
87953 INFO: Building COLLECT COLLECT-00.toc completed successfully.
88009 INFO: Build complete! The results are available in: C:\Users\I763940\icbv-fragment-reconstruction\dist
