
====================================================================
  RUNNING 45 TEST CASES  (WITH rotation)
====================================================================
  Positive (expect MATCH)    : 9
  Negative (expect NO_MATCH) : 36
====================================================================

  > [P] gettyimages-1311604917-1024x1024                    OK MATCH       6.2s  PASS
  > [P] gettyimages-170096524-1024x1024                     OK MATCH       6.6s  PASS
  > [P] gettyimages-2177809001-1024x1024                    OK MATCH       5.8s  PASS
  > [P] gettyimages-470816328-2048x2048                     OK MATCH       6.2s  PASS
  > [P] high-res-antique-close-up-earth-muted-tones-geom  C:\Users\I763940\icbv-fragment-reconstruction\src\visualize.py:94: UserWarning: Tight layout not applied. The left and right margins cannot be made large enough to accommodate all Axes decorations.
  plt.tight_layout()
  OK MATCH       6.0s  PASS
  > [P] scroll                                              OK MATCH       6.5s  PASS
  > [P] shard_01_british                                    OK MATCH       5.6s  PASS
  > [P] shard_02_cord_marked                                OK MATCH       5.5s  PASS
  > [P] Wall painting from Room H of the Villa of P. Fan    OK MATCH       8.6s  PASS
  > [N] mixed_gettyimages-13116049_gettyimages-17009652     OK MATCH       9.2s  FAIL
  > [N] mixed_gettyimages-13116049_gettyimages-21778090     OK MATCH       9.3s  FAIL
  > [N] mixed_gettyimages-13116049_gettyimages-47081632     ~ WEAK_MATCH  11.0s  FAIL
  > [N] mixed_gettyimages-13116049_high-res-antique-clo   C:\Users\I763940\icbv-fragment-reconstruction\src\visualize.py:94: UserWarning: Tight layout not applied. The left and right margins cannot be made large enough to accommodate all Axes decorations.
  plt.tight_layout()
  ~ WEAK_MATCH  9.2s  FAIL
  > [N] mixed_gettyimages-13116049_scroll                   ~ WEAK_MATCH  7.5s  FAIL
  > [N] mixed_gettyimages-13116049_shard_01_british         ~ WEAK_MATCH  7.2s  FAIL
  > [N] mixed_gettyimages-13116049_shard_02_cord_marked     ~ WEAK_MATCH  6.6s  FAIL
  > [N] mixed_gettyimages-17009652_gettyimages-21778090     OK MATCH       6.3s  FAIL
  > [N] mixed_gettyimages-17009652_gettyimages-47081632     OK MATCH       7.3s  FAIL
  > [N] mixed_gettyimages-17009652_high-res-antique-clo   C:\Users\I763940\icbv-fragment-reconstruction\src\visualize.py:94: UserWarning: Tight layout not applied. The left and right margins cannot be made large enough to accommodate all Axes decorations.
  plt.tight_layout()
  OK MATCH       6.5s  FAIL
  > [N] mixed_gettyimages-17009652_scroll                   OK MATCH       5.8s  FAIL
  > [N] mixed_gettyimages-17009652_shard_01_british         ~ WEAK_MATCH  5.1s  FAIL
  > [N] mixed_gettyimages-17009652_shard_02_cord_marked     ~ WEAK_MATCH  6.2s  FAIL
  > [N] mixed_gettyimages-21778090_gettyimages-47081632     OK MATCH       6.5s  FAIL
  > [N] mixed_gettyimages-21778090_high-res-antique-clo   C:\Users\I763940\icbv-fragment-reconstruction\src\visualize.py:94: UserWarning: Tight layout not applied. The left and right margins cannot be made large enough to accommodate all Axes decorations.
  plt.tight_layout()
  ~ WEAK_MATCH  5.9s  FAIL
  > [N] mixed_gettyimages-21778090_scroll                   OK MATCH       7.2s  FAIL
  > [N] mixed_gettyimages-21778090_shard_01_british         ~ WEAK_MATCH  6.0s  FAIL
  > [N] mixed_gettyimages-21778090_shard_02_cord_marked     ~ WEAK_MATCH  6.4s  FAIL
  > [N] mixed_gettyimages-47081632_high-res-antique-clo   C:\Users\I763940\icbv-fragment-reconstruction\src\visualize.py:94: UserWarning: Tight layout not applied. The left and right margins cannot be made large enough to accommodate all Axes decorations.
  plt.tight_layout()
  ~ WEAK_MATCH  6.1s  FAIL
  > [N] mixed_gettyimages-47081632_scroll                   OK MATCH       5.5s  FAIL
  > [N] mixed_gettyimages-47081632_shard_01_british         ~ WEAK_MATCH  6.5s  FAIL
  > [N] mixed_gettyimages-47081632_shard_02_cord_marked     ~ WEAK_MATCH  5.9s  FAIL
  > [N] mixed_high-res-antique-clo_scroll                 C:\Users\I763940\icbv-fragment-reconstruction\src\visualize.py:94: UserWarning: Tight layout not applied. The left and right margins cannot be made large enough to accommodate all Axes decorations.
  plt.tight_layout()
  OK MATCH       6.7s  FAIL
  > [N] mixed_high-res-antique-clo_shard_01_british       C:\Users\I763940\icbv-fragment-reconstruction\src\visualize.py:94: UserWarning: Tight layout not applied. The left and right margins cannot be made large enough to accommodate all Axes decorations.
  plt.tight_layout()
  OK MATCH       5.9s  FAIL
  > [N] mixed_high-res-antique-clo_shard_02_cord_marked   C:\Users\I763940\icbv-fragment-reconstruction\src\visualize.py:94: UserWarning: Tight layout not applied. The left and right margins cannot be made large enough to accommodate all Axes decorations.
  plt.tight_layout()
  OK MATCH       5.4s  FAIL
  > [N] mixed_scroll_shard_01_british                       OK MATCH       5.2s  FAIL
  > [N] mixed_scroll_shard_02_cord_marked                   ~ WEAK_MATCH  4.2s  FAIL
  > [N] mixed_shard_01_british_shard_02_cord_marked         OK MATCH       4.0s  FAIL
  > [N] mixed_Wall painting from R_gettyimages-13116049     ~ WEAK_MATCH  7.1s  FAIL
  > [N] mixed_Wall painting from R_gettyimages-17009652     OK MATCH       6.2s  FAIL
  > [N] mixed_Wall painting from R_gettyimages-21778090     ~ WEAK_MATCH  6.8s  FAIL
  > [N] mixed_Wall painting from R_gettyimages-47081632     ~ WEAK_MATCH  7.3s  FAIL
  > [N] mixed_Wall painting from R_high-res-antique-clo   C:\Users\I763940\icbv-fragment-reconstruction\src\visualize.py:94: UserWarning: Tight layout not applied. The left and right margins cannot be made large enough to accommodate all Axes decorations.
  plt.tight_layout()
  ~ WEAK_MATCH  6.5s  FAIL
  > [N] mixed_Wall painting from R_scroll                   ~ WEAK_MATCH  6.8s  FAIL
  > [N] mixed_Wall painting from R_shard_01_british         ~ WEAK_MATCH  12.6s  FAIL
  > [N] mixed_Wall painting from R_shard_02_cord_marked     ~ WEAK_MATCH  8.4s  FAIL

====================================================================================================
  RECONSTRUCTION TEST RESULTS  (WITH rotation)
====================================================================================================
  Test Case                                     Type    Frags    Verdict      Conf  Time(s)  Pass?
Traceback (most recent call last):
  File "C:\Users\I763940\icbv-fragment-reconstruction\run_test.py", line 400, in <module>
    main()
  File "C:\Users\I763940\icbv-fragment-reconstruction\run_test.py", line 390, in main
    print_summary_table(results, rot_label)
  File "C:\Users\I763940\icbv-fragment-reconstruction\run_test.py", line 242, in print_summary_table
    print("  " + sep * (total_width - 2))
  File "C:\Users\I763940\AppData\Local\Programs\Python\Python311\Lib\encodings\cp1252.py", line 19, in encode
    return codecs.charmap_encode(input,self.errors,encoding_table)[0]
           ^^^^^^^^^^^^^^^^^^^^^^^^^^^^^^^^^^^^^^^^^^^^^^^^^^^^^^^
UnicodeEncodeError: 'charmap' codec can't encode characters in position 2-99: character maps to <undefined>
